00:00:00.000589 VirtualBox DHCP Server 7.0.12 r159484 linux.amd64 (Oct 17 2023 12:57:12) release log
00:00:00.000590 Log opened 2023-11-24T22:35:49.713143000Z
00:00:00.000590 Build Type: release
00:00:00.000591 OS Product: Linux
00:00:00.000591 OS Release: 6.6.2-arch1-1
00:00:00.000592 OS Version: #1 SMP PREEMPT_DYNAMIC Mon, 20 Nov 2023 23:18:21 +0000
00:00:00.000601 DMI Product Name: 82RF
00:00:00.000604 DMI Product Version: Legion 5 Pro 16IAH7H
00:00:00.000606 Firmware type: UEFI
00:00:00.001114 Secure Boot: Disabled
00:00:00.001143 Host RAM: 31822MB (31.0GB) total, 30647MB (29.9GB) available
00:00:00.001145 Executable: /usr/lib/virtualbox/VBoxNetDHCP
00:00:00.001145 Process ID: 1735
00:00:00.001145 Package type: LINUX_64BITS_GENERIC (OSE)
00:00:00.001162 --config:  HostInterfaceNetworking-vboxnet0
00:00:00.001164 --comment: HostInterfaceNetworking-vboxnet0
00:00:00.001235 IP address:   192.168.56.100/24
00:00:00.001238 Address pool: 192.168.56.101 - 192.168.56.254
00:00:00.001253 MAC address is not specified: will use generated MAC 08:00:27:4b:83:2c
00:00:00.001256 Db::i_enterFixedAddressAssignment: 08:00:27:4b:83:2c: 192.168.56.100
00:00:00.001258 loading leases from /home/tiroir/.config/VirtualBox/HostInterfaceNetworking-vboxnet0-Dhcpd.leases
00:00:00.001389 > LOAD: EXPIRED lease 192.168.56.101 to [01:08:00:27:18:58:87] (08:00:27:18:58:87), expired, valid from 2023-11-24T20:30:46Z for 600s until 2023-11-24T20:40:46Z
00:00:00.001410 SUP: Opened VMMR0.r0 (/usr/lib/virtualbox/VMMR0.r0) at 0xXXXXXXXXXXXXXXXX.
00:00:56.653543 REQUEST xid 0xee1c4183 chaddr 08:00:27:18:58:87
00:00:56.653563  ciaddr 0.0.0.0
00:00:56.653565  client id: 01 08 00 27 18 58 87
00:00:56.653567  requested address 192.168.56.101
00:00:56.653570  params { 1 2 6 12 15 26 28 121 3 33 40 41 42 119 249 252 17 }
00:00:56.653583   12: 'kali'
00:00:56.653584   57: 02 40
00:00:56.653586 > allocateAddress 192.168.56.101 to client [01:08:00:27:18:58:87] (08:00:27:18:58:87)
00:00:56.653590 > ... found existing binding 192.168.56.101 to [01:08:00:27:18:58:87] (08:00:27:18:58:87), expired, valid from 2023-11-24T20:30:46Z for 600s until 2023-11-24T20:40:46Z
00:00:56.653599 Lease time 600 secs (default)
00:00:56.653601 writing leases to /home/tiroir/.config/VirtualBox/HostInterfaceNetworking-vboxnet0-Dhcpd.leases
00:00:56.666336 >>> requested option 1 (SubnetMask)
00:00:56.666347 ... always supplied
00:00:56.666349 >>> requested option 2 (TimeOffset)
00:00:56.666350 ... not found
00:00:56.666351 >>> requested option 6 (DNSes)
00:00:56.666352 ... not found
00:00:56.666353 >>> requested option 12 (HostName)
00:00:56.666354 ... not found
00:00:56.666355 >>> requested option 15 (DomainName)
00:00:56.666356 ... not found
00:00:56.666357 >>> requested option 26 (InterfaceMTU)
00:00:56.666358 ... not found
00:00:56.666359 >>> requested option 28 (BroadcastAddress)
00:00:56.666360 ... not found
00:00:56.666360 >>> requested option 121 (unknown)
00:00:56.666361 ... not found
00:00:56.666362 >>> requested option 3 (Routers)
00:00:56.666363 ... not found
00:00:56.666364 >>> requested option 33 (StaticRoute)
00:00:56.666365 ... not found
00:00:56.666366 >>> requested option 40 (NISDomain)
00:00:56.666367 ... not found
00:00:56.666368 >>> requested option 41 (NISServers)
00:00:56.666369 ... not found
00:00:56.666370 >>> requested option 42 (NTPServers)
00:00:56.666370 ... not found
00:00:56.666371 >>> requested option 119 (DomainSearch)
00:00:56.666372 ... not found
00:00:56.666373 >>> requested option 249 (unknown)
00:00:56.666374 ... not found
00:00:56.666375 >>> requested option 252 (unknown)
00:00:56.666376 ... not found
00:00:56.666377 >>> requested option 17 (RootPath)
00:00:56.666378 ... not found
00:00:56.666380 encoding option 1 (SubnetMask)
00:00:56.666382 encoding option 51 (LeaseTime)
00:00:56.666384 ACK xid 0xee1c4183 chaddr 08:00:27:18:58:87
00:00:56.666388  ciaddr 0.0.0.0 yiaddr 192.168.56.101
00:00:56.666391 encoded message: 548 bytes
00:00:56.666392 00007f2a50002a00/0000: 02 01 06 00 83 41 1c ee-00 00 00 00 00 00 00 00 .....A..........
00:00:56.666394 00007f2a50002a10/0010: c0 a8 38 65 00 00 00 00-00 00 00 00 08 00 27 18 ..8e..........'.
00:00:56.666396 00007f2a50002a20/0020: 58 87 00 00 00 00 00 00-00 00 00 00 00 00 00 00 X...............
00:00:56.666397 00007f2a50002a30/0030: 00 00 00 00 00 00 00 00-00 00 00 00 00 00 00 00 ................
00:00:56.666398 00007f2a50002a40/0040: 00 00 00 00 00 00 00 00-00 00 00 00 00 00 00 00 ................
00:00:56.666400 00007f2a50002a50/0050: 00 00 00 00 00 00 00 00-00 00 00 00 00 00 00 00 ................
00:00:56.666401 00007f2a50002a60/0060: 00 00 00 00 00 00 00 00-00 00 00 00 00 00 00 00 ................
00:00:56.666402 00007f2a50002a70/0070: 00 00 00 00 00 00 00 00-00 00 00 00 00 00 00 00 ................
00:00:56.666403 00007f2a50002a80/0080: 00 00 00 00 00 00 00 00-00 00 00 00 00 00 00 00 ................
00:00:56.666405 00007f2a50002a90/0090: 00 00 00 00 00 00 00 00-00 00 00 00 00 00 00 00 ................
00:00:56.666406 00007f2a50002aa0/00a0: 00 00 00 00 00 00 00 00-00 00 00 00 00 00 00 00 ................
00:00:56.666407 00007f2a50002ab0/00b0: 00 00 00 00 00 00 00 00-00 00 00 00 00 00 00 00 ................
00:00:56.666408 00007f2a50002ac0/00c0: 00 00 00 00 00 00 00 00-00 00 00 00 00 00 00 00 ................
00:00:56.666410 00007f2a50002ad0/00d0: 00 00 00 00 00 00 00 00-00 00 00 00 00 00 00 00 ................
00:00:56.666411 00007f2a50002ae0/00e0: 00 00 00 00 00 00 00 00-00 00 00 00 63 82 53 63 ............c.Sc
00:00:56.666412 00007f2a50002af0/00f0: 36 04 c0 a8 38 64 35 01-05 01 04 ff ff ff 00 33 6...8d5........3
00:00:56.666413 00007f2a50002b00/0100: 04 00 00 02 58 ff 00 00-00 00 00 00 00 00 00 00 ....X...........
00:00:56.666415 00007f2a50002b10/0110: 00 00 00 00 00 00 00 00-00 00 00 00 00 00 00 00 ................
00:00:56.666416 00007f2a50002b20/0120: 00 00 00 00 00 00 00 00-00 00 00 00 00 00 00 00 ................
00:00:56.666417 00007f2a50002b30/0130: 00 00 00 00 00 00 00 00-00 00 00 00 00 00 00 00 ................
00:00:56.666423 00007f2a50002b40/0140: 00 00 00 00 00 00 00 00-00 00 00 00 00 00 00 00 ................
00:00:56.666424 00007f2a50002b50/0150: 00 00 00 00 00 00 00 00-00 00 00 00 00 00 00 00 ................
00:00:56.666425 00007f2a50002b60/0160: 00 00 00 00 00 00 00 00-00 00 00 00 00 00 00 00 ................
00:00:56.666426 00007f2a50002b70/0170: 00 00 00 00 00 00 00 00-00 00 00 00 00 00 00 00 ................
00:00:56.666428 00007f2a50002b80/0180: 00 00 00 00 00 00 00 00-00 00 00 00 00 00 00 00 ................
00:00:56.666429 00007f2a50002b90/0190: 00 00 00 00 00 00 00 00-00 00 00 00 00 00 00 00 ................
00:00:56.666430 00007f2a50002ba0/01a0: 00 00 00 00 00 00 00 00-00 00 00 00 00 00 00 00 ................
00:00:56.666431 00007f2a50002bb0/01b0: 00 00 00 00 00 00 00 00-00 00 00 00 00 00 00 00 ................
00:00:56.666433 00007f2a50002bc0/01c0: 00 00 00 00 00 00 00 00-00 00 00 00 00 00 00 00 ................
00:00:56.666434 00007f2a50002bd0/01d0: 00 00 00 00 00 00 00 00-00 00 00 00 00 00 00 00 ................
00:00:56.666435 00007f2a50002be0/01e0: 00 00 00 00 00 00 00 00-00 00 00 00 00 00 00 00 ................
00:00:56.666436 00007f2a50002bf0/01f0: 00 00 00 00 00 00 00 00-00 00 00 00 00 00 00 00 ................
00:00:56.666438 00007f2a50002c00/0200: 00 00 00 00 00 00 00 00-00 00 00 00 00 00 00 00 ................
00:00:56.666439 00007f2a50002c10/0210: 00 00 00 00 00 00 00 00-00 00 00 00 00 00 00 00 ................
00:00:56.666440 00007f2a50002c20/0220: 00 00 00 00                                     ....
